// Jest Snapshot v1, https://goo.gl/fbAQLP

exports[`entry runs a test 1`] = `
Object {
  "body": "<html><body><pre># Hello World!</pre></body><html>",
  "headers": Object {
    "access-control-allow-headers": Array [
      Object {
        "key": "Access-Control-Allow-Headers",
        "value": "X-Blueprint",
      },
    ],
    "access-control-allow-methods": Array [
      Object {
        "key": "Access-Control-Allow-Methods",
        "value": "GET, HEAD, OPTIONS",
      },
    ],
    "access-control-allow-origin": Array [
      Object {
        "key": "Access-Control-Allow-Origin",
        "value": "*",
      },
    ],
  },
  "status": "200",
}
`;
